Archive member included to satisfy reference by file (symbol)

/Applications/STM32CubeIDE.app/Contents/Eclipse/plugins/com.st.stm32cube.ide.mcu.externaltools.gnu-tools-for-stm32.10.3-2021.10.macos64_1.0.0.202111181127/tools/bin/../lib/gcc/arm-none-eabi/10.3.1/../../../../arm-none-eabi/lib/thumb/v6-m/nofp/libc_nano.a(lib_a-errno.o)
                              ./Core/Src/syscalls.o (__errno)
/Applications/STM32CubeIDE.app/Contents/Eclipse/plugins/com.st.stm32cube.ide.mcu.externaltools.gnu-tools-for-stm32.10.3-2021.10.macos64_1.0.0.202111181127/tools/bin/../lib/gcc/arm-none-eabi/10.3.1/../../../../arm-none-eabi/lib/thumb/v6-m/nofp/libc_nano.a(lib_a-exit.o)
                              /Applications/STM32CubeIDE.app/Contents/Eclipse/plugins/com.st.stm32cube.ide.mcu.externaltools.gnu-tools-for-stm32.10.3-2021.10.macos64_1.0.0.202111181127/tools/bin/../lib/gcc/arm-none-eabi/10.3.1/../../../../arm-none-eabi/lib/thumb/v6-m/nofp/crt0.o (exit)
/Applications/STM32CubeIDE.app/Contents/Eclipse/plugins/com.st.stm32cube.ide.mcu.externaltools.gnu-tools-for-stm32.10.3-2021.10.macos64_1.0.0.202111181127/tools/bin/../lib/gcc/arm-none-eabi/10.3.1/../../../../arm-none-eabi/lib/thumb/v6-m/nofp/libc_nano.a(lib_a-impure.o)
                              /Applications/STM32CubeIDE.app/Contents/Eclipse/plugins/com.st.stm32cube.ide.mcu.externaltools.gnu-tools-for-stm32.10.3-2021.10.macos64_1.0.0.202111181127/tools/bin/../lib/gcc/arm-none-eabi/10.3.1/../../../../arm-none-eabi/lib/thumb/v6-m/nofp/libc_nano.a(lib_a-exit.o) (_global_impure_ptr)
/Applications/STM32CubeIDE.app/Contents/Eclipse/plugins/com.st.stm32cube.ide.mcu.externaltools.gnu-tools-for-stm32.10.3-2021.10.macos64_1.0.0.202111181127/tools/bin/../lib/gcc/arm-none-eabi/10.3.1/../../../../arm-none-eabi/lib/thumb/v6-m/nofp/libc_nano.a(lib_a-init.o)
                              /Applications/STM32CubeIDE.app/Contents/Eclipse/plugins/com.st.stm32cube.ide.mcu.externaltools.gnu-tools-for-stm32.10.3-2021.10.macos64_1.0.0.202111181127/tools/bin/../lib/gcc/arm-none-eabi/10.3.1/../../../../arm-none-eabi/lib/thumb/v6-m/nofp/crt0.o (__libc_init_array)
/Applications/STM32CubeIDE.app/Contents/Eclipse/plugins/com.st.stm32cube.ide.mcu.externaltools.gnu-tools-for-stm32.10.3-2021.10.macos64_1.0.0.202111181127/tools/bin/../lib/gcc/arm-none-eabi/10.3.1/../../../../arm-none-eabi/lib/thumb/v6-m/nofp/libc_nano.a(lib_a-memset.o)
                              /Applications/STM32CubeIDE.app/Contents/Eclipse/plugins/com.st.stm32cube.ide.mcu.externaltools.gnu-tools-for-stm32.10.3-2021.10.macos64_1.0.0.202111181127/tools/bin/../lib/gcc/arm-none-eabi/10.3.1/../../../../arm-none-eabi/lib/thumb/v6-m/nofp/crt0.o (memset)
/Applications/STM32CubeIDE.app/Contents/Eclipse/plugins/com.st.stm32cube.ide.mcu.externaltools.gnu-tools-for-stm32.10.3-2021.10.macos64_1.0.0.202111181127/tools/bin/../lib/gcc/arm-none-eabi/10.3.1/thumb/v6-m/nofp/libgcc.a(_udivsi3.o)
                              ./Core/Src/system_stm32f0xx.o (__aeabi_uidiv)
/Applications/STM32CubeIDE.app/Contents/Eclipse/plugins/com.st.stm32cube.ide.mcu.externaltools.gnu-tools-for-stm32.10.3-2021.10.macos64_1.0.0.202111181127/tools/bin/../lib/gcc/arm-none-eabi/10.3.1/thumb/v6-m/nofp/libgcc.a(_dvmd_tls.o)
                              /Applications/STM32CubeIDE.app/Contents/Eclipse/plugins/com.st.stm32cube.ide.mcu.externaltools.gnu-tools-for-stm32.10.3-2021.10.macos64_1.0.0.202111181127/tools/bin/../lib/gcc/arm-none-eabi/10.3.1/thumb/v6-m/nofp/libgcc.a(_udivsi3.o) (__aeabi_idiv0)

Discarded input sections

 .text          0x0000000000000000        0x0 /Applications/STM32CubeIDE.app/Contents/Eclipse/plugins/com.st.stm32cube.ide.mcu.externaltools.gnu-tools-for-stm32.10.3-2021.10.macos64_1.0.0.202111181127/tools/bin/../lib/gcc/arm-none-eabi/10.3.1/thumb/v6-m/nofp/crti.o
 .data          0x0000000000000000        0x0 /Applications/STM32CubeIDE.app/Contents/Eclipse/plugins/com.st.stm32cube.ide.mcu.externaltools.gnu-tools-for-stm32.10.3-2021.10.macos64_1.0.0.202111181127/tools/bin/../lib/gcc/arm-none-eabi/10.3.1/thumb/v6-m/nofp/crti.o
 .bss           0x0000000000000000        0x0 /Applications/STM32CubeIDE.app/Contents/Eclipse/plugins/com.st.stm32cube.ide.mcu.externaltools.gnu-tools-for-stm32.10.3-2021.10.macos64_1.0.0.202111181127/tools/bin/../lib/gcc/arm-none-eabi/10.3.1/thumb/v6-m/nofp/crti.o
 .data          0x0000000000000000        0x4 /Applications/STM32CubeIDE.app/Contents/Eclipse/plugins/com.st.stm32cube.ide.mcu.externaltools.gnu-tools-for-stm32.10.3-2021.10.macos64_1.0.0.202111181127/tools/bin/../lib/gcc/arm-none-eabi/10.3.1/thumb/v6-m/nofp/crtbegin.o
 .rodata        0x0000000000000000       0x24 /Applications/STM32CubeIDE.app/Contents/Eclipse/plugins/com.st.stm32cube.ide.mcu.externaltools.gnu-tools-for-stm32.10.3-2021.10.macos64_1.0.0.202111181127/tools/bin/../lib/gcc/arm-none-eabi/10.3.1/thumb/v6-m/nofp/crtbegin.o
[...]
Memory Configuration

Name             Origin             Length             Attributes
RAM              0x0000000020000000 0x0000000000001000 xrw
FLASH            0x0000000008000000 0x0000000000004000 xr
*default*        0x0000000000000000 0xffffffffffffffff

Linker script and memory map

LOAD /Applications/STM32CubeIDE.app/Contents/Eclipse/plugins/com.st.stm32cube.ide.mcu.externaltools.gnu-tools-for-stm32.10.3-2021.10.macos64_1.0.0.202111181127/tools/bin/../lib/gcc/arm-none-eabi/10.3.1/thumb/v6-m/nofp/crti.o
LOAD /Applications/STM32CubeIDE.app/Contents/Eclipse/plugins/com.st.stm32cube.ide.mcu.externaltools.gnu-tools-for-stm32.10.3-2021.10.macos64_1.0.0.202111181127/tools/bin/../lib/gcc/arm-none-eabi/10.3.1/thumb/v6-m/nofp/crtbegin.o
LOAD /Applications/STM32CubeIDE.app/Contents/Eclipse/plugins/com.st.stm32cube.ide.mcu.externaltools.gnu-tools-for-stm32.10.3-2021.10.macos64_1.0.0.202111181127/tools/bin/../lib/gcc/arm-none-eabi/10.3.1/../../../../arm-none-eabi/lib/thumb/v6-m/nofp/crt0.o
LOAD ./Core/Src/app.o
LOAD ./Core/Src/leds.o
LOAD ./Core/Src/main.o
LOAD ./Core/Src/stm32f0xx_it.o
LOAD ./Core/Src/syscalls.o
LOAD ./Core/Src/sysmem.o
LOAD ./Core/Src/system_stm32f0xx.o
LOAD ./Core/Startup/startup_stm32f030f4px.o
LOAD ./Drivers/STM32F0xx_HAL_Driver/Src/stm32f0xx_ll_adc.o
LOAD ./Drivers/STM32F0xx_HAL_Driver/Src/stm32f0xx_ll_dma.o
LOAD ./Drivers/STM32F0xx_HAL_Driver/Src/stm32f0xx_ll_exti.o
LOAD ./Drivers/STM32F0xx_HAL_Driver/Src/stm32f0xx_ll_gpio.o
LOAD ./Drivers/STM32F0xx_HAL_Driver/Src/stm32f0xx_ll_pwr.o
LOAD ./Drivers/STM32F0xx_HAL_Driver/Src/stm32f0xx_ll_rcc.o
LOAD ./Drivers/STM32F0xx_HAL_Driver/Src/stm32f0xx_ll_tim.o
LOAD ./Drivers/STM32F0xx_HAL_Driver/Src/stm32f0xx_ll_usart.o
LOAD ./Drivers/STM32F0xx_HAL_Driver/Src/stm32f0xx_ll_utils.o
START GROUP
LOAD /Applications/STM32CubeIDE.app/Contents/Eclipse/plugins/com.st.stm32cube.ide.mcu.externaltools.gnu-tools-for-stm32.10.3-2021.10.macos64_1.0.0.202111181127/tools/bin/../lib/gcc/arm-none-eabi/10.3.1/../../../../arm-none-eabi/lib/thumb/v6-m/nofp/libstdc++_nano.a
LOAD /Applications/STM32CubeIDE.app/Contents/Eclipse/plugins/com.st.stm32cube.ide.mcu.externaltools.gnu-tools-for-stm32.10.3-2021.10.macos64_1.0.0.202111181127/tools/bin/../lib/gcc/arm-none-eabi/10.3.1/../../../../arm-none-eabi/lib/thumb/v6-m/nofp/libsupc++_nano.a
END GROUP
LOAD /Applications/STM32CubeIDE.app/Contents/Eclipse/plugins/com.st.stm32cube.ide.mcu.externaltools.gnu-tools-for-stm32.10.3-2021.10.macos64_1.0.0.202111181127/tools/bin/../lib/gcc/arm-none-eabi/10.3.1/../../../../arm-none-eabi/lib/thumb/v6-m/nofp/libstdc++_nano.a
LOAD /Applications/STM32CubeIDE.app/Contents/Eclipse/plugins/com.st.stm32cube.ide.mcu.externaltools.gnu-tools-for-stm32.10.3-2021.10.macos64_1.0.0.202111181127/tools/bin/../lib/gcc/arm-none-eabi/10.3.1/../../../../arm-none-eabi/lib/thumb/v6-m/nofp/libm.a
LOAD /Applications/STM32CubeIDE.app/Contents/Eclipse/plugins/com.st.stm32cube.ide.mcu.externaltools.gnu-tools-for-stm32.10.3-2021.10.macos64_1.0.0.202111181127/tools/bin/../lib/gcc/arm-none-eabi/10.3.1/../../../../arm-none-eabi/lib/thumb/v6-m/nofp/libc_nano.a
START GROUP
LOAD /Applications/STM32CubeIDE.app/Contents/Eclipse/plugins/com.st.stm32cube.ide.mcu.externaltools.gnu-tools-for-stm32.10.3-2021.10.macos64_1.0.0.202111181127/tools/bin/../lib/gcc/arm-none-eabi/10.3.1/thumb/v6-m/nofp/libgcc.a
LOAD /Applications/STM32CubeIDE.app/Contents/Eclipse/plugins/com.st.stm32cube.ide.mcu.externaltools.gnu-tools-for-stm32.10.3-2021.10.macos64_1.0.0.202111181127/tools/bin/../lib/gcc/arm-none-eabi/10.3.1/../../../../arm-none-eabi/lib/thumb/v6-m/nofp/libc_nano.a
END GROUP
START GROUP
LOAD /Applications/STM32CubeIDE.app/Contents/Eclipse/plugins/com.st.stm32cube.ide.mcu.externaltools.gnu-tools-for-stm32.10.3-2021.10.macos64_1.0.0.202111181127/tools/bin/../lib/gcc/arm-none-eabi/10.3.1/thumb/v6-m/nofp/libgcc.a
LOAD /Applications/STM32CubeIDE.app/Contents/Eclipse/plugins/com.st.stm32cube.ide.mcu.externaltools.gnu-tools-for-stm32.10.3-2021.10.macos64_1.0.0.202111181127/tools/bin/../lib/gcc/arm-none-eabi/10.3.1/../../../../arm-none-eabi/lib/thumb/v6-m/nofp/libc_nano.a
LOAD /Applications/STM32CubeIDE.app/Contents/Eclipse/plugins/com.st.stm32cube.ide.mcu.externaltools.gnu-tools-for-stm32.10.3-2021.10.macos64_1.0.0.202111181127/tools/bin/../lib/gcc/arm-none-eabi/10.3.1/../../../../arm-none-eabi/lib/thumb/v6-m/nofp/libnosys.a
END GROUP
START GROUP
LOAD /Applications/STM32CubeIDE.app/Contents/Eclipse/plugins/com.st.stm32cube.ide.mcu.externaltools.gnu-tools-for-stm32.10.3-2021.10.macos64_1.0.0.202111181127/tools/bin/../lib/gcc/arm-none-eabi/10.3.1/thumb/v6-m/nofp/libgcc.a
LOAD /Applications/STM32CubeIDE.app/Contents/Eclipse/plugins/com.st.stm32cube.ide.mcu.externaltools.gnu-tools-for-stm32.10.3-2021.10.macos64_1.0.0.202111181127/tools/bin/../lib/gcc/arm-none-eabi/10.3.1/../../../../arm-none-eabi/lib/thumb/v6-m/nofp/libc_nano.a
LOAD /Applications/STM32CubeIDE.app/Contents/Eclipse/plugins/com.st.stm32cube.ide.mcu.externaltools.gnu-tools-for-stm32.10.3-2021.10.macos64_1.0.0.202111181127/tools/bin/../lib/gcc/arm-none-eabi/10.3.1/../../../../arm-none-eabi/lib/thumb/v6-m/nofp/libnosys.a
END GROUP
LOAD /Applications/STM32CubeIDE.app/Contents/Eclipse/plugins/com.st.stm32cube.ide.mcu.externaltools.gnu-tools-for-stm32.10.3-2021.10.macos64_1.0.0.202111181127/tools/bin/../lib/gcc/arm-none-eabi/10.3.1/thumb/v6-m/nofp/crtend.o
LOAD /Applications/STM32CubeIDE.app/Contents/Eclipse/plugins/com.st.stm32cube.ide.mcu.externaltools.gnu-tools-for-stm32.10.3-2021.10.macos64_1.0.0.202111181127/tools/bin/../lib/gcc/arm-none-eabi/10.3.1/thumb/v6-m/nofp/crtn.o
                0x0000000020001000                _estack = (ORIGIN (RAM) + LENGTH (RAM))
                0x0000000000000200                _Min_Heap_Size = 0x200
                0x0000000000000400                _Min_Stack_Size = 0x400

.isr_vector     0x0000000008000000       0xc0
                0x0000000008000000                . = ALIGN (0x4)
 *(.isr_vector)
 .isr_vector    0x0000000008000000       0xc0 ./Core/Startup/startup_stm32f030f4px.o
                0x0000000008000000                g_pfnVectors
                0x00000000080000c0                . = ALIGN (0x4)

.text           0x00000000080000c0     0x211c
                0x00000000080000c0                . = ALIGN (0x4)
 *(.text)
 .text          0x00000000080000c0       0x48 /Applications/STM32CubeIDE.app/Contents/Eclipse/plugins/com.st.stm32cube.ide.mcu.externaltools.gnu-tools-for-stm32.10.3-2021.10.macos64_1.0.0.202111181127/tools/bin/../lib/gcc/arm-none-eabi/10.3.1/thumb/v6-m/nofp/crtbegin.o
 .text          0x0000000008000108      0x114 /Applications/STM32CubeIDE.app/Contents/Eclipse/plugins/com.st.stm32cube.ide.mcu.externaltools.gnu-tools-for-stm32.10.3-2021.10.macos64_1.0.0.202111181127/tools/bin/../lib/gcc/arm-none-eabi/10.3.1/thumb/v6-m/nofp/libgcc.a(_udivsi3.o)
                0x0000000008000108                __udivsi3
                0x0000000008000108                __aeabi_uidiv
                0x0000000008000214                __aeabi_uidivmod
 .text          0x000000000800021c        0x4 /Applications/STM32CubeIDE.app/Contents/Eclipse/plugins/com.st.stm32cube.ide.mcu.externaltools.gnu-tools-for-stm32.10.3-2021.10.macos64_1.0.0.202111181127/tools/bin/../lib/gcc/arm-none-eabi/10.3.1/thumb/v6-m/nofp/libgcc.a(_dvmd_tls.o)
                0x000000000800021c                __aeabi_ldiv0
                0x000000000800021c                __aeabi_idiv0
 *(.text*)
 .text.LL_ADC_SetSamplingTimeCommonChannels
                0x0000000008000220       0x24 ./Core/Src/app.o
 .text.LL_ADC_Enable
                0x0000000008000244       0x24 ./Core/Src/app.o
 .text.LL_SYSTICK_EnableIT
                0x0000000008000268       0x1c ./Core/Src/app.o
 .text.LL_TIM_EnableIT_UPDATE
                0x0000000008000284       0x1c ./Core/Src/app.o
 .text.LL_USART_Enable
                0x00000000080002a0       0x1c ./Core/Src/app.o
 .text.LL_USART_IsActiveFlag_TXE
                0x00000000080002bc       0x22 ./Core/Src/app.o
 .text.LL_USART_TransmitData8
                0x00000000080002de       0x20 ./Core/Src/app.o
 .text.LL_GPIO_IsInputPinSet
                0x00000000080002fe       0x24 ./Core/Src/app.o
 .text.LL_GPIO_SetOutputPin
                0x0000000008000322       0x18 ./Core/Src/app.o
 .text.LL_GPIO_ResetOutputPin
                0x000000000800033a       0x18 ./Core/Src/app.o
 *fill*         0x0000000008000352        0x2 
 .text.initAdc  0x0000000008000354       0x20 ./Core/Src/app.o
                0x0000000008000354                initAdc
 .text.initTim1
                0x0000000008000374       0x40 ./Core/Src/app.o
                0x0000000008000374                initTim1
 .text.initDma  0x00000000080003b4       0x34 ./Core/Src/app.o
                0x00000000080003b4                initDma
 .text.nextSequence
                0x00000000080003e8       0x7c ./Core/Src/app.o
                0x00000000080003e8                nextSequence
 .text.resetState
                0x0000000008000464       0x64 ./Core/Src/app.o
                0x0000000008000464                resetState
 .text.sendCh   0x00000000080004c8       0x38 ./Core/Src/app.o
                0x00000000080004c8                sendCh
 .text.sendWord
                0x0000000008000500       0x5c ./Core/Src/app.o
                0x0000000008000500                sendWord
 .text.sendProgram
                0x000000000800055c       0xdc ./Core/Src/app.o
                0x000000000800055c                sendProgram
 .text.errorFlash
                0x0000000008000638       0x40 ./Core/Src/app.o
                0x0000000008000638                errorFlash
 .text.run      0x0000000008000678      0x2b0 ./Core/Src/app.o
                0x0000000008000678                run
 .text.LL_GPIO_SetPinMode
                0x0000000008000928       0x38 ./Core/Src/leds.o
 .text.LL_GPIO_SetOutputPin
                0x0000000008000960       0x18 ./Core/Src/leds.o
 .text.LL_GPIO_ResetOutputPin
                0x0000000008000978       0x18 ./Core/Src/leds.o
 .text.setLed   0x0000000008000990       0xd8 ./Core/Src/leds.o
                0x0000000008000990                setLed
 .text.__NVIC_EnableIRQ
                0x0000000008000a68       0x34 ./Core/Src/main.o
 .text.__NVIC_SetPriority
                0x0000000008000a9c       0xdc ./Core/Src/main.o
 .text.LL_ADC_SetSamplingTimeCommonChannels
                0x0000000008000b78       0x24 ./Core/Src/main.o
 .text.LL_ADC_REG_SetSequencerScanDirection
                0x0000000008000b9c       0x24 ./Core/Src/main.o
 .text.LL_ADC_REG_SetSequencerChAdd
                0x0000000008000bc0       0x22 ./Core/Src/main.o
 *fill*         0x0000000008000be2        0x2 
 .text.LL_DMA_SetDataTransferDirection
                0x0000000008000be4       0x48 ./Core/Src/main.o
 .text.LL_DMA_SetMode
                0x0000000008000c2c       0x44 ./Core/Src/main.o
 .text.LL_DMA_SetPeriphIncMode
                0x0000000008000c70       0x44 ./Core/Src/main.o
 .text.LL_DMA_SetMemoryIncMode
                0x0000000008000cb4       0x44 ./Core/Src/main.o
 .text.LL_DMA_SetPeriphSize
                0x0000000008000cf8       0x48 ./Core/Src/main.o
 .text.LL_DMA_SetMemorySize
                0x0000000008000d40       0x48 ./Core/Src/main.o
 .text.LL_DMA_SetChannelPriorityLevel
                0x0000000008000d88       0x48 ./Core/Src/main.o
 .text.LL_RCC_HSI_Enable
                0x0000000008000dd0       0x1c ./Core/Src/main.o
 .text.LL_RCC_HSI_IsReady
                0x0000000008000dec       0x20 ./Core/Src/main.o
 .text.LL_RCC_HSI_SetCalibTrimming
                0x0000000008000e0c       0x28 ./Core/Src/main.o
 .text.LL_RCC_HSI14_Enable
                0x0000000008000e34       0x1c ./Core/Src/main.o
 .text.LL_RCC_HSI14_IsReady
                0x0000000008000e50       0x20 ./Core/Src/main.o
 .text.LL_RCC_HSI14_EnableADCControl
                0x0000000008000e70       0x1c ./Core/Src/main.o
 .text.LL_RCC_HSI14_SetCalibTrimming
                0x0000000008000e8c       0x28 ./Core/Src/main.o
 .text.LL_RCC_SetSysClkSource
                0x0000000008000eb4       0x28 ./Core/Src/main.o
 .text.LL_RCC_GetSysClkSource
                0x0000000008000edc       0x18 ./Core/Src/main.o
 .text.LL_RCC_SetAHBPrescaler
                0x0000000008000ef4       0x28 ./Core/Src/main.o
 .text.LL_RCC_SetAPB1Prescaler
                0x0000000008000f1c       0x2c ./Core/Src/main.o
 .text.LL_RCC_SetUSARTClockSource
                0x0000000008000f48       0x34 ./Core/Src/main.o
 .text.LL_RCC_PLL_Enable
                0x0000000008000f7c       0x1c ./Core/Src/main.o
 .text.LL_RCC_PLL_IsReady
                0x0000000008000f98       0x28 ./Core/Src/main.o
 .text.LL_RCC_PLL_ConfigDomain_SYS
                0x0000000008000fc0       0x4c ./Core/Src/main.o
 .text.LL_AHB1_GRP1_EnableClock
                0x000000000800100c       0x2c ./Core/Src/main.o
 .text.LL_APB1_GRP1_EnableClock
                0x0000000008001038       0x2c ./Core/Src/main.o
 .text.LL_APB1_GRP2_EnableClock
                0x0000000008001064       0x2c ./Core/Src/main.o
 .text.LL_FLASH_SetLatency
                0x0000000008001090       0x28 ./Core/Src/main.o
 .text.LL_FLASH_GetLatency
                0x00000000080010b8       0x18 ./Core/Src/main.o
 .text.LL_TIM_EnableARRPreload
                0x00000000080010d0       0x1c ./Core/Src/main.o
 .text.LL_TIM_SetClockSource
                0x00000000080010ec       0x28 ./Core/Src/main.o
 .text.LL_TIM_SetTriggerOutput
                0x0000000008001114       0x24 ./Core/Src/main.o
 .text.LL_TIM_DisableMasterSlaveMode
                0x0000000008001138       0x1e ./Core/Src/main.o
 .text.LL_USART_Enable
                0x0000000008001156       0x1c ./Core/Src/main.o
 *fill*         0x0000000008001172        0x2 
 .text.LL_USART_ConfigAsyncMode
                0x0000000008001174       0x30 ./Core/Src/main.o
 .text.LL_USART_DisableIT_CTS
                0x00000000080011a4       0x44 ./Core/Src/main.o
 .text.LL_GPIO_ResetOutputPin
                0x00000000080011e8       0x18 ./Core/Src/main.o
 .text.main     0x0000000008001200       0x44 ./Core/Src/main.o
                0x0000000008001200                main
 .text.SystemClock_Config
                0x0000000008001244       0xa0 ./Core/Src/main.o
                0x0000000008001244                SystemClock_Config
 .text.MX_ADC_Init
                0x00000000080012e4      0x168 ./Core/Src/main.o
 .text.MX_TIM1_Init
                0x000000000800144c       0x8c ./Core/Src/main.o
 .text.MX_USART1_UART_Init
                0x00000000080014d8       0xfc ./Core/Src/main.o
 .text.MX_DMA_Init
                0x00000000080015d4       0x1e ./Core/Src/main.o
 *fill*         0x00000000080015f2        0x2 
 .text.MX_GPIO_Init
                0x00000000080015f4      0x1a8 ./Core/Src/main.o
 .text.LL_TIM_ClearFlag_UPDATE
                0x000000000800179c       0x18 ./Core/Src/stm32f0xx_it.o
 .text.NMI_Handler
                0x00000000080017b4        0x6 ./Core/Src/stm32f0xx_it.o
                0x00000000080017b4                NMI_Handler
 .text.HardFault_Handler
                0x00000000080017ba        0x6 ./Core/Src/stm32f0xx_it.o
                0x00000000080017ba                HardFault_Handler
 .text.SVC_Handler
                0x00000000080017c0        0xa ./Core/Src/stm32f0xx_it.o
                0x00000000080017c0                SVC_Handler
 .text.PendSV_Handler
                0x00000000080017ca        0xa ./Core/Src/stm32f0xx_it.o
                0x00000000080017ca                PendSV_Handler
 .text.SysTick_Handler
                0x00000000080017d4       0x18 ./Core/Src/stm32f0xx_it.o
                0x00000000080017d4                SysTick_Handler
 .text.DMA1_Channel1_IRQHandler
                0x00000000080017ec        0xa ./Core/Src/stm32f0xx_it.o
                0x00000000080017ec                DMA1_Channel1_IRQHandler
 *fill*         0x00000000080017f6        0x2 
 .text.TIM1_BRK_UP_TRG_COM_IRQHandler
                0x00000000080017f8       0x1c ./Core/Src/stm32f0xx_it.o
                0x00000000080017f8                TIM1_BRK_UP_TRG_COM_IRQHandler
 .text.SystemInit
                0x0000000008001814        0xa ./Core/Src/system_stm32f0xx.o
                0x0000000008001814                SystemInit
 *fill*         0x000000000800181e        0x2 
 .text.Reset_Handler
                0x0000000008001820       0x50 ./Core/Startup/startup_stm32f030f4px.o
                0x0000000008001820                Reset_Handler
 .text.Default_Handler
                0x0000000008001870        0x2 ./Core/Startup/startup_stm32f030f4px.o
                0x0000000008001870                USART1_IRQHandler
                0x0000000008001870                I2C1_IRQHandler
                0x0000000008001870                SPI1_IRQHandler
                0x0000000008001870                EXTI2_3_IRQHandler
                0x0000000008001870                ADC1_IRQHandler
                0x0000000008001870                TIM17_IRQHandler
                0x0000000008001870                RTC_IRQHandler
                0x0000000008001870                TIM16_IRQHandler
                0x0000000008001870                TIM3_IRQHandler
                0x0000000008001870                EXTI4_15_IRQHandler
                0x0000000008001870                RCC_IRQHandler
                0x0000000008001870                Default_Handler
                0x0000000008001870                TIM14_IRQHandler
                0x0000000008001870                DMA1_Channel4_5_IRQHandler
                0x0000000008001870                EXTI0_1_IRQHandler
                0x0000000008001870                WWDG_IRQHandler
                0x0000000008001870                DMA1_Channel2_3_IRQHandler
                0x0000000008001870                FLASH_IRQHandler
                0x0000000008001870                TIM1_CC_IRQHandler
 .text.LL_ADC_IsEnabled
                0x0000000008001872       0x20 ./Drivers/STM32F0xx_HAL_Driver/Src/stm32f0xx_ll_adc.o
 *fill*         0x0000000008001892        0x2 
 .text.LL_ADC_Init
                0x0000000008001894       0x6c ./Drivers/STM32F0xx_HAL_Driver/Src/stm32f0xx_ll_adc.o
                0x0000000008001894                LL_ADC_Init
 .text.LL_ADC_REG_Init
                0x0000000008001900       0x64 ./Drivers/STM32F0xx_HAL_Driver/Src/stm32f0xx_ll_adc.o
                0x0000000008001900                LL_ADC_REG_Init
 .text.LL_GPIO_SetPinMode
                0x0000000008001964       0x38 ./Drivers/STM32F0xx_HAL_Driver/Src/stm32f0xx_ll_gpio.o
 .text.LL_GPIO_SetPinOutputType
                0x000000000800199c       0x2a ./Drivers/STM32F0xx_HAL_Driver/Src/stm32f0xx_ll_gpio.o
 .text.LL_GPIO_SetPinSpeed
                0x00000000080019c6       0x38 ./Drivers/STM32F0xx_HAL_Driver/Src/stm32f0xx_ll_gpio.o
 .text.LL_GPIO_SetPinPull
                0x00000000080019fe       0x38 ./Drivers/STM32F0xx_HAL_Driver/Src/stm32f0xx_ll_gpio.o
 .text.LL_GPIO_SetAFPin_0_7
                0x0000000008001a36       0x46 ./Drivers/STM32F0xx_HAL_Driver/Src/stm32f0xx_ll_gpio.o
 .text.LL_GPIO_SetAFPin_8_15
                0x0000000008001a7c       0x5a ./Drivers/STM32F0xx_HAL_Driver/Src/stm32f0xx_ll_gpio.o
 .text.LL_GPIO_Init
                0x0000000008001ad6       0xb8 ./Drivers/STM32F0xx_HAL_Driver/Src/stm32f0xx_ll_gpio.o
                0x0000000008001ad6                LL_GPIO_Init
 *fill*         0x0000000008001b8e        0x2 
 .text.LL_RCC_HSI_IsReady
                0x0000000008001b90       0x20 ./Drivers/STM32F0xx_HAL_Driver/Src/stm32f0xx_ll_rcc.o
 .text.LL_RCC_LSE_IsReady
                0x0000000008001bb0       0x20 ./Drivers/STM32F0xx_HAL_Driver/Src/stm32f0xx_ll_rcc.o
 .text.LL_RCC_GetSysClkSource
                0x0000000008001bd0       0x18 ./Drivers/STM32F0xx_HAL_Driver/Src/stm32f0xx_ll_rcc.o
 .text.LL_RCC_GetAHBPrescaler
                0x0000000008001be8       0x18 ./Drivers/STM32F0xx_HAL_Driver/Src/stm32f0xx_ll_rcc.o
 .text.LL_RCC_GetAPB1Prescaler
                0x0000000008001c00       0x18 ./Drivers/STM32F0xx_HAL_Driver/Src/stm32f0xx_ll_rcc.o
 .text.LL_RCC_GetUSARTClockSource
                0x0000000008001c18       0x28 ./Drivers/STM32F0xx_HAL_Driver/Src/stm32f0xx_ll_rcc.o
 .text.LL_RCC_PLL_GetMainSource
                0x0000000008001c40       0x18 ./Drivers/STM32F0xx_HAL_Driver/Src/stm32f0xx_ll_rcc.o
 .text.LL_RCC_PLL_GetMultiplicator
                0x0000000008001c58       0x18 ./Drivers/STM32F0xx_HAL_Driver/Src/stm32f0xx_ll_rcc.o
 .text.LL_RCC_PLL_GetPrediv
                0x0000000008001c70       0x18 ./Drivers/STM32F0xx_HAL_Driver/Src/stm32f0xx_ll_rcc.o
 .text.LL_RCC_GetUSARTClockFreq
                0x0000000008001c88       0x88 ./Drivers/STM32F0xx_HAL_Driver/Src/stm32f0xx_ll_rcc.o
                0x0000000008001c88                LL_RCC_GetUSARTClockFreq
 .text.RCC_GetSystemClockFreq
                0x0000000008001d10       0x4c ./Drivers/STM32F0xx_HAL_Driver/Src/stm32f0xx_ll_rcc.o
                0x0000000008001d10                RCC_GetSystemClockFreq
 .text.RCC_GetHCLKClockFreq
                0x0000000008001d5c       0x2c ./Drivers/STM32F0xx_HAL_Driver/Src/stm32f0xx_ll_rcc.o
                0x0000000008001d5c                RCC_GetHCLKClockFreq
 .text.RCC_GetPCLK1ClockFreq
                0x0000000008001d88       0x28 ./Drivers/STM32F0xx_HAL_Driver/Src/stm32f0xx_ll_rcc.o
                0x0000000008001d88                RCC_GetPCLK1ClockFreq
 .text.RCC_PLL_GetFreqDomain_SYS
                0x0000000008001db0       0x70 ./Drivers/STM32F0xx_HAL_Driver/Src/stm32f0xx_ll_rcc.o
                0x0000000008001db0                RCC_PLL_GetFreqDomain_SYS
 .text.LL_TIM_SetPrescaler
                0x0000000008001e20       0x18 ./Drivers/STM32F0xx_HAL_Driver/Src/stm32f0xx_ll_tim.o
 .text.LL_TIM_SetAutoReload
                0x0000000008001e38       0x18 ./Drivers/STM32F0xx_HAL_Driver/Src/stm32f0xx_ll_tim.o
 .text.LL_TIM_SetRepetitionCounter
                0x0000000008001e50       0x18 ./Drivers/STM32F0xx_HAL_Driver/Src/stm32f0xx_ll_tim.o
 .text.LL_TIM_GenerateEvent_UPDATE
                0x0000000008001e68       0x1c ./Drivers/STM32F0xx_HAL_Driver/Src/stm32f0xx_ll_tim.o
 .text.LL_TIM_Init
                0x0000000008001e84       0xdc ./Drivers/STM32F0xx_HAL_Driver/Src/stm32f0xx_ll_tim.o
                0x0000000008001e84                LL_TIM_Init
 .text.LL_USART_IsEnabled
                0x0000000008001f60       0x22 ./Drivers/STM32F0xx_HAL_Driver/Src/stm32f0xx_ll_usart.o
 *fill*         0x0000000008001f82        0x2 
 .text.LL_USART_SetStopBitsLength
                0x0000000008001f84       0x28 ./Drivers/STM32F0xx_HAL_Driver/Src/stm32f0xx_ll_usart.o
 .text.LL_USART_SetHWFlowCtrl
                0x0000000008001fac       0x28 ./Drivers/STM32F0xx_HAL_Driver/Src/stm32f0xx_ll_usart.o
 .text.LL_USART_SetBaudRate
                0x0000000008001fd4       0x78 ./Drivers/STM32F0xx_HAL_Driver/Src/stm32f0xx_ll_usart.o
 .text.LL_USART_Init
                0x000000000800204c       0xb0 ./Drivers/STM32F0xx_HAL_Driver/Src/stm32f0xx_ll_usart.o
                0x000000000800204c                LL_USART_Init
 .text.LL_InitTick
                0x00000000080020fc       0x34 ./Drivers/STM32F0xx_HAL_Driver/Src/stm32f0xx_ll_utils.o
 .text.LL_Init1msTick
                0x0000000008002130       0x1e ./Drivers/STM32F0xx_HAL_Driver/Src/stm32f0xx_ll_utils.o
                0x0000000008002130                LL_Init1msTick
 *fill*         0x000000000800214e        0x2 
 .text.LL_SetSystemCoreClock
                0x0000000008002150       0x1c ./Drivers/STM32F0xx_HAL_Driver/Src/stm32f0xx_ll_utils.o
                0x0000000008002150                LL_SetSystemCoreClock
 .text.__libc_init_array
                0x000000000800216c       0x48 /Applications/STM32CubeIDE.app/Contents/Eclipse/plugins/com.st.stm32cube.ide.mcu.externaltools.gnu-tools-for-stm32.10.3-2021.10.macos64_1.0.0.202111181127/tools/bin/../lib/gcc/arm-none-eabi/10.3.1/../../../../arm-none-eabi/lib/thumb/v6-m/nofp/libc_nano.a(lib_a-init.o)
                0x000000000800216c                __libc_init_array
 .text.memset   0x00000000080021b4       0x10 /Applications/STM32CubeIDE.app/Contents/Eclipse/plugins/com.st.stm32cube.ide.mcu.externaltools.gnu-tools-for-stm32.10.3-2021.10.macos64_1.0.0.202111181127/tools/bin/../lib/gcc/arm-none-eabi/10.3.1/../../../../arm-none-eabi/lib/thumb/v6-m/nofp/libc_nano.a(lib_a-memset.o)
                0x00000000080021b4                memset
 *(.glue_7)
 .glue_7        0x00000000080021c4        0x0 linker stubs
 *(.glue_7t)
 .glue_7t       0x00000000080021c4        0x0 linker stubs
 *(.eh_frame)
 .eh_frame      0x00000000080021c4        0x0 /Applications/STM32CubeIDE.app/Contents/Eclipse/plugins/com.st.stm32cube.ide.mcu.externaltools.gnu-tools-for-stm32.10.3-2021.10.macos64_1.0.0.202111181127/tools/bin/../lib/gcc/arm-none-eabi/10.3.1/thumb/v6-m/nofp/crtbegin.o
 *(.init)
 .init          0x00000000080021c4        0x4 /Applications/STM32CubeIDE.app/Contents/Eclipse/plugins/com.st.stm32cube.ide.mcu.externaltools.gnu-tools-for-stm32.10.3-2021.10.macos64_1.0.0.202111181127/tools/bin/../lib/gcc/arm-none-eabi/10.3.1/thumb/v6-m/nofp/crti.o
                0x00000000080021c4                _init
 .init          0x00000000080021c8        0x8 /Applications/STM32CubeIDE.app/Contents/Eclipse/plugins/com.st.stm32cube.ide.mcu.externaltools.gnu-tools-for-stm32.10.3-2021.10.macos64_1.0.0.202111181127/tools/bin/../lib/gcc/arm-none-eabi/10.3.1/thumb/v6-m/nofp/crtn.o
 *(.fini)
 .fini          0x00000000080021d0        0x4 /Applications/STM32CubeIDE.app/Contents/Eclipse/plugins/com.st.stm32cube.ide.mcu.externaltools.gnu-tools-for-stm32.10.3-2021.10.macos64_1.0.0.202111181127/tools/bin/../lib/gcc/arm-none-eabi/10.3.1/thumb/v6-m/nofp/crti.o
                0x00000000080021d0                _fini
 .fini          0x00000000080021d4        0x8 /Applications/STM32CubeIDE.app/Contents/Eclipse/plugins/com.st.stm32cube.ide.mcu.externaltools.gnu-tools-for-stm32.10.3-2021.10.macos64_1.0.0.202111181127/tools/bin/../lib/gcc/arm-none-eabi/10.3.1/thumb/v6-m/nofp/crtn.o
                0x00000000080021dc                . = ALIGN (0x4)
                0x00000000080021dc                _etext = .

.vfp11_veneer   0x00000000080021dc        0x0
 .vfp11_veneer  0x00000000080021dc        0x0 linker stubs

.v4_bx          0x00000000080021dc        0x0
 .v4_bx         0x00000000080021dc        0x0 linker stubs

.iplt           0x00000000080021dc        0x0
 .iplt          0x00000000080021dc        0x0 /Applications/STM32CubeIDE.app/Contents/Eclipse/plugins/com.st.stm32cube.ide.mcu.externaltools.gnu-tools-for-stm32.10.3-2021.10.macos64_1.0.0.202111181127/tools/bin/../lib/gcc/arm-none-eabi/10.3.1/thumb/v6-m/nofp/crtbegin.o

.rodata         0x00000000080021dc       0x20
                0x00000000080021dc                . = ALIGN (0x4)
 *(.rodata)
 *(.rodata*)
 .rodata.CHANNEL_OFFSET_TAB
                0x00000000080021dc        0x5 ./Core/Src/main.o
 *fill*         0x00000000080021e1        0x3 
 .rodata.AHBPrescTable
                0x00000000080021e4       0x10 ./Core/Src/system_stm32f0xx.o
                0x00000000080021e4                AHBPrescTable
 .rodata.APBPrescTable
                0x00000000080021f4        0x8 ./Core/Src/system_stm32f0xx.o
                0x00000000080021f4                APBPrescTable
                0x00000000080021fc                . = ALIGN (0x4)

.rel.dyn        0x00000000080021fc        0x0
 .rel.iplt      0x00000000080021fc        0x0 /Applications/STM32CubeIDE.app/Contents/Eclipse/plugins/com.st.stm32cube.ide.mcu.externaltools.gnu-tools-for-stm32.10.3-2021.10.macos64_1.0.0.202111181127/tools/bin/../lib/gcc/arm-none-eabi/10.3.1/thumb/v6-m/nofp/crtbegin.o

.ARM.extab      0x00000000080021fc        0x0
                0x00000000080021fc                . = ALIGN (0x4)
 *(.ARM.extab* .gnu.linkonce.armextab.*)
                0x00000000080021fc                . = ALIGN (0x4)

.ARM            0x00000000080021fc        0x0
                0x00000000080021fc                . = ALIGN (0x4)
                0x00000000080021fc                __exidx_start = .
 *(.ARM.exidx*)
                0x00000000080021fc                __exidx_end = .
                0x00000000080021fc                . = ALIGN (0x4)

.preinit_array  0x00000000080021fc        0x0
                0x00000000080021fc                . = ALIGN (0x4)
                0x00000000080021fc                PROVIDE (__preinit_array_start = .)
 *(.preinit_array*)
                0x00000000080021fc                PROVIDE (__preinit_array_end = .)
                0x00000000080021fc                . = ALIGN (0x4)

.init_array     0x00000000080021fc        0x4
                0x00000000080021fc                . = ALIGN (0x4)
                0x00000000080021fc                PROVIDE (__init_array_start = .)
 *(SORT_BY_NAME(.init_array.*))
 *(.init_array*)
 .init_array    0x00000000080021fc        0x4 /Applications/STM32CubeIDE.app/Contents/Eclipse/plugins/com.st.stm32cube.ide.mcu.externaltools.gnu-tools-for-stm32.10.3-2021.10.macos64_1.0.0.202111181127/tools/bin/../lib/gcc/arm-none-eabi/10.3.1/thumb/v6-m/nofp/crtbegin.o
                0x0000000008002200                PROVIDE (__init_array_end = .)
                0x0000000008002200                . = ALIGN (0x4)

.fini_array     0x0000000008002200        0x4
                0x0000000008002200                . = ALIGN (0x4)
                [!provide]                        PROVIDE (__fini_array_start = .)
 *(SORT_BY_NAME(.fini_array.*))
 *(.fini_array*)
 .fini_array    0x0000000008002200        0x4 /Applications/STM32CubeIDE.app/Contents/Eclipse/plugins/com.st.stm32cube.ide.mcu.externaltools.gnu-tools-for-stm32.10.3-2021.10.macos64_1.0.0.202111181127/tools/bin/../lib/gcc/arm-none-eabi/10.3.1/thumb/v6-m/nofp/crtbegin.o
                [!provide]                        PROVIDE (__fini_array_end = .)
                0x0000000008002204                . = ALIGN (0x4)
                0x0000000008002204                _sidata = LOADADDR (.data)

.data           0x0000000020000000       0xa4 load address 0x0000000008002204
                0x0000000020000000                . = ALIGN (0x4)
                0x0000000020000000                _sdata = .
 *(.data)
 *(.data*)
 .data.pinPairs
                0x0000000020000000       0xa0 ./Core/Src/leds.o
                0x0000000020000000                pinPairs
 .data.SystemCoreClock
                0x00000000200000a0        0x4 ./Core/Src/system_stm32f0xx.o
                0x00000000200000a0                SystemCoreClock
 *(.RamFunc)
 *(.RamFunc*)
                0x00000000200000a4                . = ALIGN (0x4)
                0x00000000200000a4                _edata = .

.igot.plt       0x00000000200000a4        0x0 load address 0x00000000080022a8
 .igot.plt      0x00000000200000a4        0x0 /Applications/STM32CubeIDE.app/Contents/Eclipse/plugins/com.st.stm32cube.ide.mcu.externaltools.gnu-tools-for-stm32.10.3-2021.10.macos64_1.0.0.202111181127/tools/bin/../lib/gcc/arm-none-eabi/10.3.1/thumb/v6-m/nofp/crtbegin.o
                0x00000000200000a4                . = ALIGN (0x4)

.bss            0x00000000200000a4      0x1b8 load address 0x00000000080022a8
                0x00000000200000a4                _sbss = .
                0x00000000200000a4                __bss_start__ = _sbss
 *(.bss)
 .bss           0x00000000200000a4       0x1c /Applications/STM32CubeIDE.app/Contents/Eclipse/plugins/com.st.stm32cube.ide.mcu.externaltools.gnu-tools-for-stm32.10.3-2021.10.macos64_1.0.0.202111181127/tools/bin/../lib/gcc/arm-none-eabi/10.3.1/thumb/v6-m/nofp/crtbegin.o
 *(.bss*)
 .bss.ms        0x00000000200000c0        0x4 ./Core/Src/app.o
                0x00000000200000c0                ms
 .bss.adcBuffer
                0x00000000200000c4       0x1a ./Core/Src/app.o
                0x00000000200000c4                adcBuffer
 *fill*         0x00000000200000de        0x2 
 .bss.currentRow
                0x00000000200000e0       0x1a ./Core/Src/app.o
                0x00000000200000e0                currentRow
 *fill*         0x00000000200000fa        0x2 
 .bss.scanNumber
                0x00000000200000fc        0x4 ./Core/Src/app.o
                0x00000000200000fc                scanNumber
 .bss.rowReady  0x0000000020000100        0x4 ./Core/Src/app.o
                0x0000000020000100                rowReady
 .bss.syncMode  0x0000000020000104        0x1 ./Core/Src/app.o
                0x0000000020000104                syncMode
 *fill*         0x0000000020000105        0x3 
 .bss.page      0x0000000020000108       0x40 ./Core/Src/app.o
                0x0000000020000108                page
 .bss.currentWordIndex
                0x0000000020000148        0x4 ./Core/Src/app.o
                0x0000000020000148                currentWordIndex
 .bss.scanStartTimer
                0x000000002000014c        0x4 ./Core/Src/app.o
                0x000000002000014c                scanStartTimer
 .bss.totalScanWordCount
                0x0000000020000150        0x4 ./Core/Src/app.o
                0x0000000020000150                totalScanWordCount
 .bss.program   0x0000000020000154      0x100 ./Core/Src/app.o
                0x0000000020000154                program
 .bss.programPageCount
                0x0000000020000254        0x4 ./Core/Src/app.o
                0x0000000020000254                programPageCount
 .bss.toggle.0  0x0000000020000258        0x4 ./Core/Src/app.o
 *(COMMON)
                0x000000002000025c                . = ALIGN (0x4)
                0x000000002000025c                _ebss = .
                0x000000002000025c                __bss_end__ = _ebss

._user_heap_stack
                0x000000002000025c      0x604 load address 0x00000000080022a8
                0x0000000020000260                . = ALIGN (0x8)
 *fill*         0x000000002000025c        0x4 
                [!provide]                        PROVIDE (end = .)
                0x0000000020000260                PROVIDE (_end = .)
                0x0000000020000460                . = (. + _Min_Heap_Size)
 *fill*         0x0000000020000260      0x200 
                0x0000000020000860                . = (. + _Min_Stack_Size)
 *fill*         0x0000000020000460      0x400 
                0x0000000020000860                . = ALIGN (0x8)

/DISCARD/
 libc.a(*)
 libm.a(*)
 libgcc.a(*)

.ARM.attributes
                0x0000000000000000       0x28
 *(.ARM.attributes)
 .ARM.attributes
                0x0000000000000000       0x1e /Applications/STM32CubeIDE.app/Contents/Eclipse/plugins/com.st.stm32cube.ide.mcu.externaltools.gnu-tools-for-stm32.10.3-2021.10.macos64_1.0.0.202111181127/tools/bin/../lib/gcc/arm-none-eabi/10.3.1/thumb/v6-m/nofp/crti.o
 .ARM.attributes
                0x000000000000001e       0x2c /Applications/STM32CubeIDE.app/Contents/Eclipse/plugins/com.st.stm32cube.ide.mcu.externaltools.gnu-tools-for-stm32.10.3-2021.10.macos64_1.0.0.202111181127/tools/bin/../lib/gcc/arm-none-eabi/10.3.1/thumb/v6-m/nofp/crtbegin.o
 .ARM.attributes
                0x000000000000004a       0x2c ./Core/Src/app.o
 .ARM.attributes
                0x0000000000000076       0x2c ./Core/Src/leds.o
 .ARM.attributes
                0x00000000000000a2       0x2c ./Core/Src/main.o
 .ARM.attributes
                0x00000000000000ce       0x2c ./Core/Src/stm32f0xx_it.o
 .ARM.attributes
                0x00000000000000fa       0x2c ./Core/Src/system_stm32f0xx.o
 .ARM.attributes
                0x0000000000000126       0x21 ./Core/Startup/startup_stm32f030f4px.o
 .ARM.attributes
                0x0000000000000147       0x2c ./Drivers/STM32F0xx_HAL_Driver/Src/stm32f0xx_ll_adc.o
 .ARM.attributes
                0x0000000000000173       0x2c ./Drivers/STM32F0xx_HAL_Driver/Src/stm32f0xx_ll_gpio.o
 .ARM.attributes
                0x000000000000019f       0x2c ./Drivers/STM32F0xx_HAL_Driver/Src/stm32f0xx_ll_rcc.o
 .ARM.attributes
                0x00000000000001cb       0x2c ./Drivers/STM32F0xx_HAL_Driver/Src/stm32f0xx_ll_tim.o
 .ARM.attributes
                0x00000000000001f7       0x2c ./Drivers/STM32F0xx_HAL_Driver/Src/stm32f0xx_ll_usart.o
 .ARM.attributes
                0x0000000000000223       0x2c ./Drivers/STM32F0xx_HAL_Driver/Src/stm32f0xx_ll_utils.o
 .ARM.attributes
                0x000000000000024f       0x2c /Applications/STM32CubeIDE.app/Contents/Eclipse/plugins/com.st.stm32cube.ide.mcu.externaltools.gnu-tools-for-stm32.10.3-2021.10.macos64_1.0.0.202111181127/tools/bin/../lib/gcc/arm-none-eabi/10.3.1/../../../../arm-none-eabi/lib/thumb/v6-m/nofp/libc_nano.a(lib_a-init.o)
 .ARM.attributes
                0x000000000000027b       0x2c /Applications/STM32CubeIDE.app/Contents/Eclipse/plugins/com.st.stm32cube.ide.mcu.externaltools.gnu-tools-for-stm32.10.3-2021.10.macos64_1.0.0.202111181127/tools/bin/../lib/gcc/arm-none-eabi/10.3.1/../../../../arm-none-eabi/lib/thumb/v6-m/nofp/libc_nano.a(lib_a-memset.o)
 .ARM.attributes
                0x00000000000002a7       0x1e /Applications/STM32CubeIDE.app/Contents/Eclipse/plugins/com.st.stm32cube.ide.mcu.externaltools.gnu-tools-for-stm32.10.3-2021.10.macos64_1.0.0.202111181127/tools/bin/../lib/gcc/arm-none-eabi/10.3.1/thumb/v6-m/nofp/libgcc.a(_udivsi3.o)
 .ARM.attributes
                0x00000000000002c5       0x1e /Applications/STM32CubeIDE.app/Contents/Eclipse/plugins/com.st.stm32cube.ide.mcu.externaltools.gnu-tools-for-stm32.10.3-2021.10.macos64_1.0.0.202111181127/tools/bin/../lib/gcc/arm-none-eabi/10.3.1/thumb/v6-m/nofp/libgcc.a(_dvmd_tls.o)
 .ARM.attributes
                0x00000000000002e3       0x1e /Applications/STM32CubeIDE.app/Contents/Eclipse/plugins/com.st.stm32cube.ide.mcu.externaltools.gnu-tools-for-stm32.10.3-2021.10.macos64_1.0.0.202111181127/tools/bin/../lib/gcc/arm-none-eabi/10.3.1/thumb/v6-m/nofp/crtn.o
OUTPUT(had_badge2022.elf elf32-littlearm)
LOAD linker stubs
LOAD /Applications/STM32CubeIDE.app/Contents/Eclipse/plugins/com.st.stm32cube.ide.mcu.externaltools.gnu-tools-for-stm32.10.3-2021.10.macos64_1.0.0.202111181127/tools/bin/../lib/gcc/arm-none-eabi/10.3.1/../../../../arm-none-eabi/lib/thumb/v6-m/nofp/libc.a
LOAD /Applications/STM32CubeIDE.app/Contents/Eclipse/plugins/com.st.stm32cube.ide.mcu.externaltools.gnu-tools-for-stm32.10.3-2021.10.macos64_1.0.0.202111181127/tools/bin/../lib/gcc/arm-none-eabi/10.3.1/../../../../arm-none-eabi/lib/thumb/v6-m/nofp/libm.a
LOAD /Applications/STM32CubeIDE.app/Contents/Eclipse/plugins/com.st.stm32cube.ide.mcu.externaltools.gnu-tools-for-stm32.10.3-2021.10.macos64_1.0.0.202111181127/tools/bin/../lib/gcc/arm-none-eabi/10.3.1/thumb/v6-m/nofp/libgcc.a

.debug_info     0x0000000000000000     0x572c
 .debug_info    0x0000000000000000      0xb6f ./Core/Src/app.o
 .debug_info    0x0000000000000b6f      0x35d ./Core/Src/leds.o
 .debug_info    0x0000000000000ecc     0x152a ./Core/Src/main.o
 .debug_info    0x00000000000023f6      0x358 ./Core/Src/stm32f0xx_it.o
 .debug_info    0x000000000000274e      0x262 ./Core/Src/system_stm32f0xx.o
 .debug_info    0x00000000000029b0       0x22 ./Core/Startup/startup_stm32f030f4px.o
 .debug_info    0x00000000000029d2      0x61c ./Drivers/STM32F0xx_HAL_Driver/Src/stm32f0xx_ll_adc.o
 .debug_info    0x0000000000002fee      0x55e ./Drivers/STM32F0xx_HAL_Driver/Src/stm32f0xx_ll_gpio.o
 .debug_info    0x000000000000354c      0x58c ./Drivers/STM32F0xx_HAL_Driver/Src/stm32f0xx_ll_rcc.o
 .debug_info    0x0000000000003ad8      0xe97 ./Drivers/STM32F0xx_HAL_Driver/Src/stm32f0xx_ll_tim.o
 .debug_info    0x000000000000496f      0x612 ./Drivers/STM32F0xx_HAL_Driver/Src/stm32f0xx_ll_usart.o
 .debug_info    0x0000000000004f81      0x7ab ./Drivers/STM32F0xx_HAL_Driver/Src/stm32f0xx_ll_utils.o

.debug_abbrev   0x0000000000000000     0x15aa
 .debug_abbrev  0x0000000000000000      0x2d5 ./Core/Src/app.o
 .debug_abbrev  0x00000000000002d5      0x14c ./Core/Src/leds.o
 .debug_abbrev  0x0000000000000421      0x37d ./Core/Src/main.o
 .debug_abbrev  0x000000000000079e      0x157 ./Core/Src/stm32f0xx_it.o
 .debug_abbrev  0x00000000000008f5      0x116 ./Core/Src/system_stm32f0xx.o
 .debug_abbrev  0x0000000000000a0b       0x12 ./Core/Startup/startup_stm32f030f4px.o
 .debug_abbrev  0x0000000000000a1d      0x1d5 ./Drivers/STM32F0xx_HAL_Driver/Src/stm32f0xx_ll_adc.o
 .debug_abbrev  0x0000000000000bf2      0x19b ./Drivers/STM32F0xx_HAL_Driver/Src/stm32f0xx_ll_gpio.o
 .debug_abbrev  0x0000000000000d8d      0x1f8 ./Drivers/STM32F0xx_HAL_Driver/Src/stm32f0xx_ll_rcc.o
 .debug_abbrev  0x0000000000000f85      0x205 ./Drivers/STM32F0xx_HAL_Driver/Src/stm32f0xx_ll_tim.o
 .debug_abbrev  0x000000000000118a      0x1d0 ./Drivers/STM32F0xx_HAL_Driver/Src/stm32f0xx_ll_usart.o
 .debug_abbrev  0x000000000000135a      0x250 ./Drivers/STM32F0xx_HAL_Driver/Src/stm32f0xx_ll_utils.o

.debug_aranges  0x0000000000000000      0x7a8
 .debug_aranges
                0x0000000000000000       0xc0 ./Core/Src/app.o
 .debug_aranges
                0x00000000000000c0       0x38 ./Core/Src/leds.o
 .debug_aranges
                0x00000000000000f8      0x198 ./Core/Src/main.o
 .debug_aranges
                0x0000000000000290       0x58 ./Core/Src/stm32f0xx_it.o
 .debug_aranges
                0x00000000000002e8       0x28 ./Core/Src/system_stm32f0xx.o
 .debug_aranges
                0x0000000000000310       0x28 ./Core/Startup/startup_stm32f030f4px.o
 .debug_aranges
                0x0000000000000338       0x90 ./Drivers/STM32F0xx_HAL_Driver/Src/stm32f0xx_ll_adc.o
 .debug_aranges
                0x00000000000003c8       0x70 ./Drivers/STM32F0xx_HAL_Driver/Src/stm32f0xx_ll_gpio.o
 .debug_aranges
                0x0000000000000438       0xe8 ./Drivers/STM32F0xx_HAL_Driver/Src/stm32f0xx_ll_rcc.o
 .debug_aranges
                0x0000000000000520      0x128 ./Drivers/STM32F0xx_HAL_Driver/Src/stm32f0xx_ll_tim.o
 .debug_aranges
                0x0000000000000648       0x78 ./Drivers/STM32F0xx_HAL_Driver/Src/stm32f0xx_ll_usart.o
 .debug_aranges
                0x00000000000006c0       0xe8 ./Drivers/STM32F0xx_HAL_Driver/Src/stm32f0xx_ll_utils.o

.debug_ranges   0x0000000000000000      0x708
 .debug_ranges  0x0000000000000000       0xc8 ./Core/Src/app.o
 .debug_ranges  0x00000000000000c8       0x28 ./Core/Src/leds.o
 .debug_ranges  0x00000000000000f0      0x188 ./Core/Src/main.o
 .debug_ranges  0x0000000000000278       0x48 ./Core/Src/stm32f0xx_it.o
 .debug_ranges  0x00000000000002c0       0x18 ./Core/Src/system_stm32f0xx.o
 .debug_ranges  0x00000000000002d8       0x20 ./Core/Startup/startup_stm32f030f4px.o
 .debug_ranges  0x00000000000002f8       0x80 ./Drivers/STM32F0xx_HAL_Driver/Src/stm32f0xx_ll_adc.o
 .debug_ranges  0x0000000000000378       0x60 ./Drivers/STM32F0xx_HAL_Driver/Src/stm32f0xx_ll_gpio.o
 .debug_ranges  0x00000000000003d8       0xd8 ./Drivers/STM32F0xx_HAL_Driver/Src/stm32f0xx_ll_rcc.o
 .debug_ranges  0x00000000000004b0      0x118 ./Drivers/STM32F0xx_HAL_Driver/Src/stm32f0xx_ll_tim.o
 .debug_ranges  0x00000000000005c8       0x68 ./Drivers/STM32F0xx_HAL_Driver/Src/stm32f0xx_ll_usart.o
 .debug_ranges  0x0000000000000630       0xd8 ./Drivers/STM32F0xx_HAL_Driver/Src/stm32f0xx_ll_utils.o

.debug_macro    0x0000000000000000     0xbe9a
 .debug_macro   0x0000000000000000      0x217 ./Core/Src/app.o
 .debug_macro   0x0000000000000217      0xa8a ./Core/Src/app.o
 .debug_macro   0x0000000000000ca1       0x2e ./Core/Src/app.o
 .debug_macro   0x0000000000000ccf       0x22 ./Core/Src/app.o
 .debug_macro   0x0000000000000cf1       0x22 ./Core/Src/app.o
 .debug_macro   0x0000000000000d13       0x8e ./Core/Src/app.o
 .debug_macro   0x0000000000000da1       0x51 ./Core/Src/app.o
 .debug_macro   0x0000000000000df2      0x103 ./Core/Src/app.o
 .debug_macro   0x0000000000000ef5       0x6a ./Core/Src/app.o
 .debug_macro   0x0000000000000f5f      0x1df ./Core/Src/app.o
 .debug_macro   0x000000000000113e       0x1c ./Core/Src/app.o
 .debug_macro   0x000000000000115a       0x22 ./Core/Src/app.o
 .debug_macro   0x000000000000117c       0xaf ./Core/Src/app.o
 .debug_macro   0x000000000000122b      0x391 ./Core/Src/app.o
 .debug_macro   0x00000000000015bc     0x6e67 ./Core/Src/app.o
 .debug_macro   0x0000000000008423       0x66 ./Core/Src/app.o
 .debug_macro   0x0000000000008489      0x5a7 ./Core/Src/app.o
 .debug_macro   0x0000000000008a30      0x215 ./Core/Src/app.o
 .debug_macro   0x0000000000008c45      0x40c ./Core/Src/app.o
 .debug_macro   0x0000000000009051       0xab ./Core/Src/app.o
 .debug_macro   0x00000000000090fc      0x17d ./Core/Src/app.o
 .debug_macro   0x0000000000009279       0xd0 ./Core/Src/app.o
 .debug_macro   0x0000000000009349       0x16 ./Core/Src/app.o
 .debug_macro   0x000000000000935f       0x2a ./Core/Src/app.o
 .debug_macro   0x0000000000009389       0x68 ./Core/Src/app.o
 .debug_macro   0x00000000000093f1      0x5bd ./Core/Src/app.o
 .debug_macro   0x00000000000099ae      0x264 ./Core/Src/app.o
 .debug_macro   0x0000000000009c12      0x11f ./Core/Src/app.o
 .debug_macro   0x0000000000009d31       0x76 ./Core/Src/app.o
 .debug_macro   0x0000000000009da7       0x52 ./Core/Src/app.o
 .debug_macro   0x0000000000009df9       0x18 ./Core/Src/app.o
 .debug_macro   0x0000000000009e11       0x3c ./Core/Src/app.o
 .debug_macro   0x0000000000009e4d       0x34 ./Core/Src/app.o
 .debug_macro   0x0000000000009e81      0x174 ./Core/Src/app.o
 .debug_macro   0x0000000000009ff5       0x16 ./Core/Src/app.o
 .debug_macro   0x000000000000a00b       0x43 ./Core/Src/app.o
 .debug_macro   0x000000000000a04e       0x34 ./Core/Src/app.o
 .debug_macro   0x000000000000a082       0x10 ./Core/Src/app.o
 .debug_macro   0x000000000000a092       0x58 ./Core/Src/app.o
 .debug_macro   0x000000000000a0ea       0x71 ./Core/Src/app.o
 .debug_macro   0x000000000000a15b       0x1c ./Core/Src/app.o
 .debug_macro   0x000000000000a177      0x12a ./Core/Src/app.o
 .debug_macro   0x000000000000a2a1      0x341 ./Core/Src/app.o
 .debug_macro   0x000000000000a5e2       0x10 ./Core/Src/app.o
 .debug_macro   0x000000000000a5f2       0x35 ./Core/Src/app.o
 .debug_macro   0x000000000000a627       0x20 ./Core/Src/app.o
 .debug_macro   0x000000000000a647      0x144 ./Core/Src/leds.o
 .debug_macro   0x000000000000a78b      0x144 ./Core/Src/main.o
 .debug_macro   0x000000000000a8cf      0x14e ./Core/Src/stm32f0xx_it.o
 .debug_macro   0x000000000000aa1d       0xbf ./Core/Src/system_stm32f0xx.o
 .debug_macro   0x000000000000aadc      0x121 ./Drivers/STM32F0xx_HAL_Driver/Src/stm32f0xx_ll_adc.o
 .debug_macro   0x000000000000abfd       0xfb ./Drivers/STM32F0xx_HAL_Driver/Src/stm32f0xx_ll_gpio.o
 .debug_macro   0x000000000000acf8      0x119 ./Drivers/STM32F0xx_HAL_Driver/Src/stm32f0xx_ll_gpio.o
 .debug_macro   0x000000000000ae11       0xda ./Drivers/STM32F0xx_HAL_Driver/Src/stm32f0xx_ll_rcc.o
 .debug_macro   0x000000000000aeeb      0x406 ./Drivers/STM32F0xx_HAL_Driver/Src/stm32f0xx_ll_rcc.o
 .debug_macro   0x000000000000b2f1      0x144 ./Drivers/STM32F0xx_HAL_Driver/Src/stm32f0xx_ll_tim.o
 .debug_macro   0x000000000000b435      0x5b7 ./Drivers/STM32F0xx_HAL_Driver/Src/stm32f0xx_ll_tim.o
 .debug_macro   0x000000000000b9ec      0x128 ./Drivers/STM32F0xx_HAL_Driver/Src/stm32f0xx_ll_usart.o
 .debug_macro   0x000000000000bb14      0x25e ./Drivers/STM32F0xx_HAL_Driver/Src/stm32f0xx_ll_usart.o
 .debug_macro   0x000000000000bd72      0x128 ./Drivers/STM32F0xx_HAL_Driver/Src/stm32f0xx_ll_utils.o

.debug_line     0x0000000000000000     0x5acf
 .debug_line    0x0000000000000000      0xba7 ./Core/Src/app.o
 .debug_line    0x0000000000000ba7      0x633 ./Core/Src/leds.o
 .debug_line    0x00000000000011da      0xd16 ./Core/Src/main.o
 .debug_line    0x0000000000001ef0      0x693 ./Core/Src/stm32f0xx_it.o
 .debug_line    0x0000000000002583      0x4f2 ./Core/Src/system_stm32f0xx.o
 .debug_line    0x0000000000002a75       0x89 ./Core/Startup/startup_stm32f030f4px.o
 .debug_line    0x0000000000002afe      0x6e3 ./Drivers/STM32F0xx_HAL_Driver/Src/stm32f0xx_ll_adc.o
 .debug_line    0x00000000000031e1      0x660 ./Drivers/STM32F0xx_HAL_Driver/Src/stm32f0xx_ll_gpio.o
 .debug_line    0x0000000000003841      0x865 ./Drivers/STM32F0xx_HAL_Driver/Src/stm32f0xx_ll_rcc.o
 .debug_line    0x00000000000040a6      0xaa8 ./Drivers/STM32F0xx_HAL_Driver/Src/stm32f0xx_ll_tim.o
 .debug_line    0x0000000000004b4e      0x6ac ./Drivers/STM32F0xx_HAL_Driver/Src/stm32f0xx_ll_usart.o
 .debug_line    0x00000000000051fa      0x8d5 ./Drivers/STM32F0xx_HAL_Driver/Src/stm32f0xx_ll_utils.o

.debug_str      0x0000000000000000    0x3f95d
 .debug_str     0x0000000000000000    0x3b6c8 ./Core/Src/app.o
                                      0x3b8da (size before relaxing)
 .debug_str     0x000000000003b6c8       0x59 ./Core/Src/leds.o
                                      0x38451 (size before relaxing)
 .debug_str     0x000000000003b721      0x893 ./Core/Src/main.o
                                      0x38ed2 (size before relaxing)
 .debug_str     0x000000000003bfb4       0xad ./Core/Src/stm32f0xx_it.o
                                      0x3849d (size before relaxing)
 .debug_str     0x000000000003c061       0x9c ./Core/Src/system_stm32f0xx.o
                                      0x2bd6a (size before relaxing)
 .debug_str     0x000000000003c0fd       0x36 ./Core/Startup/startup_stm32f030f4px.o
                                         0x73 (size before relaxing)
 .debug_str     0x000000000003c133      0xa27 ./Drivers/STM32F0xx_HAL_Driver/Src/stm32f0xx_ll_adc.o
                                      0x30b14 (size before relaxing)
 .debug_str     0x000000000003cb5a      0x4f0 ./Drivers/STM32F0xx_HAL_Driver/Src/stm32f0xx_ll_gpio.o
                                      0x2cded (size before relaxing)
 .debug_str     0x000000000003d04a      0x31e ./Drivers/STM32F0xx_HAL_Driver/Src/stm32f0xx_ll_rcc.o
                                      0x2dcde (size before relaxing)
 .debug_str     0x000000000003d368     0x12e7 ./Drivers/STM32F0xx_HAL_Driver/Src/stm32f0xx_ll_tim.o
                                      0x30503 (size before relaxing)
 .debug_str     0x000000000003e64f      0x781 ./Drivers/STM32F0xx_HAL_Driver/Src/stm32f0xx_ll_usart.o
                                      0x2f36e (size before relaxing)
 .debug_str     0x000000000003edd0      0xb8d ./Drivers/STM32F0xx_HAL_Driver/Src/stm32f0xx_ll_utils.o
                                      0x2f348 (size before relaxing)

.comment        0x0000000000000000       0x50
 .comment       0x0000000000000000       0x50 ./Core/Src/app.o
                                         0x51 (size before relaxing)
 .comment       0x0000000000000050       0x51 ./Core/Src/leds.o
 .comment       0x0000000000000050       0x51 ./Core/Src/main.o
 .comment       0x0000000000000050       0x51 ./Core/Src/stm32f0xx_it.o
 .comment       0x0000000000000050       0x51 ./Core/Src/system_stm32f0xx.o
 .comment       0x0000000000000050       0x51 ./Drivers/STM32F0xx_HAL_Driver/Src/stm32f0xx_ll_adc.o
 .comment       0x0000000000000050       0x51 ./Drivers/STM32F0xx_HAL_Driver/Src/stm32f0xx_ll_gpio.o
 .comment       0x0000000000000050       0x51 ./Drivers/STM32F0xx_HAL_Driver/Src/stm32f0xx_ll_rcc.o
 .comment       0x0000000000000050       0x51 ./Drivers/STM32F0xx_HAL_Driver/Src/stm32f0xx_ll_tim.o
 .comment       0x0000000000000050       0x51 ./Drivers/STM32F0xx_HAL_Driver/Src/stm32f0xx_ll_usart.o
 .comment       0x0000000000000050       0x51 ./Drivers/STM32F0xx_HAL_Driver/Src/stm32f0xx_ll_utils.o

.debug_frame    0x0000000000000000     0x1a38
 .debug_frame   0x0000000000000000      0x29c ./Core/Src/app.o
 .debug_frame   0x000000000000029c       0x90 ./Core/Src/leds.o
 .debug_frame   0x000000000000032c      0x5e0 ./Core/Src/main.o
 .debug_frame   0x000000000000090c       0xf4 ./Core/Src/stm32f0xx_it.o
 .debug_frame   0x0000000000000a00       0x4c ./Core/Src/system_stm32f0xx.o
 .debug_frame   0x0000000000000a4c      0x1f0 ./Drivers/STM32F0xx_HAL_Driver/Src/stm32f0xx_ll_adc.o
 .debug_frame   0x0000000000000c3c      0x170 ./Drivers/STM32F0xx_HAL_Driver/Src/stm32f0xx_ll_gpio.o
 .debug_frame   0x0000000000000dac      0x318 ./Drivers/STM32F0xx_HAL_Driver/Src/stm32f0xx_ll_rcc.o
 .debug_frame   0x00000000000010c4      0x450 ./Drivers/STM32F0xx_HAL_Driver/Src/stm32f0xx_ll_tim.o
 .debug_frame   0x0000000000001514      0x190 ./Drivers/STM32F0xx_HAL_Driver/Src/stm32f0xx_ll_usart.o
 .debug_frame   0x00000000000016a4      0x328 ./Drivers/STM32F0xx_HAL_Driver/Src/stm32f0xx_ll_utils.o
 .debug_frame   0x00000000000019cc       0x2c /Applications/STM32CubeIDE.app/Contents/Eclipse/plugins/com.st.stm32cube.ide.mcu.externaltools.gnu-tools-for-stm32.10.3-2021.10.macos64_1.0.0.202111181127/tools/bin/../lib/gcc/arm-none-eabi/10.3.1/../../../../arm-none-eabi/lib/thumb/v6-m/nofp/libc_nano.a(lib_a-init.o)
 .debug_frame   0x00000000000019f8       0x20 /Applications/STM32CubeIDE.app/Contents/Eclipse/plugins/com.st.stm32cube.ide.mcu.externaltools.gnu-tools-for-stm32.10.3-2021.10.macos64_1.0.0.202111181127/tools/bin/../lib/gcc/arm-none-eabi/10.3.1/../../../../arm-none-eabi/lib/thumb/v6-m/nofp/libc_nano.a(lib_a-memset.o)
 .debug_frame   0x0000000000001a18       0x20 /Applications/STM32CubeIDE.app/Contents/Eclipse/plugins/com.st.stm32cube.ide.mcu.externaltools.gnu-tools-for-stm32.10.3-2021.10.macos64_1.0.0.202111181127/tools/bin/../lib/gcc/arm-none-eabi/10.3.1/thumb/v6-m/nofp/libgcc.a(_udivsi3.o)
