../Drivers/STM32F0xx_HAL_Driver/Inc/stm32f0xx_ll_adc.h:1765:22:LL_ADC_SetSamplingTimeCommonChannels	16	static
../Drivers/STM32F0xx_HAL_Driver/Inc/stm32f0xx_ll_adc.h:2750:22:LL_ADC_Enable	16	static
../Drivers/STM32F0xx_HAL_Driver/Inc/stm32f0xx_ll_cortex.h:137:22:LL_SYSTICK_EnableIT	8	static
../Drivers/STM32F0xx_HAL_Driver/Inc/stm32f0xx_ll_tim.h:3378:22:LL_TIM_EnableIT_UPDATE	16	static
../Drivers/STM32F0xx_HAL_Driver/Inc/stm32f0xx_ll_usart.h:570:22:LL_USART_Enable	16	static
../Drivers/STM32F0xx_HAL_Driver/Inc/stm32f0xx_ll_usart.h:2749:26:LL_USART_IsActiveFlag_TXE	16	static
../Drivers/STM32F0xx_HAL_Driver/Inc/stm32f0xx_ll_usart.h:3714:22:LL_USART_TransmitData8	16	static
../Drivers/STM32F0xx_HAL_Driver/Inc/stm32f0xx_ll_gpio.h:758:26:LL_GPIO_IsInputPinSet	16	static
../Drivers/STM32F0xx_HAL_Driver/Inc/stm32f0xx_ll_gpio.h:839:22:LL_GPIO_SetOutputPin	16	static
../Drivers/STM32F0xx_HAL_Driver/Inc/stm32f0xx_ll_gpio.h:868:22:LL_GPIO_ResetOutputPin	16	static
../Core/Src/app.c:41:6:initAdc	8	static
../Core/Src/app.c:48:6:initTim1	8	static
../Core/Src/app.c:60:6:initDma	8	static
../Core/Src/app.c:70:6:delay	24	static
../Core/Src/app.c:82:6:nextSequence	16	static
../Core/Src/app.c:101:6:resetState	8	static
../Core/Src/app.c:113:6:sendCh	16	static
../Core/Src/app.c:121:6:sendWord	16	static
../Core/Src/app.c:132:6:sendProgram	32	static
../Core/Src/app.c:170:6:errorFlash	16	static
../Core/Src/app.c:181:6:run	24	static
