../Drivers/CMSIS/Include/core_cm0.h:623:22:__NVIC_EnableIRQ	16	static
../Drivers/CMSIS/Include/core_cm0.h:730:22:__NVIC_SetPriority	24	static
../Drivers/STM32F0xx_HAL_Driver/Inc/stm32f0xx_ll_adc.h:1765:22:LL_ADC_SetSamplingTimeCommonChannels	16	static
../Drivers/STM32F0xx_HAL_Driver/Inc/stm32f0xx_ll_adc.h:1947:22:LL_ADC_REG_SetSequencerScanDirection	16	static
../Drivers/STM32F0xx_HAL_Driver/Inc/stm32f0xx_ll_adc.h:2153:22:LL_ADC_REG_SetSequencerChAdd	16	static
../Drivers/STM32F0xx_HAL_Driver/Inc/stm32f0xx_ll_dma.h:682:22:LL_DMA_SetDataTransferDirection	24	static
../Drivers/STM32F0xx_HAL_Driver/Inc/stm32f0xx_ll_dma.h:731:22:LL_DMA_SetMode	24	static
../Drivers/STM32F0xx_HAL_Driver/Inc/stm32f0xx_ll_dma.h:776:22:LL_DMA_SetPeriphIncMode	24	static
../Drivers/STM32F0xx_HAL_Driver/Inc/stm32f0xx_ll_dma.h:821:22:LL_DMA_SetMemoryIncMode	24	static
../Drivers/STM32F0xx_HAL_Driver/Inc/stm32f0xx_ll_dma.h:867:22:LL_DMA_SetPeriphSize	24	static
../Drivers/STM32F0xx_HAL_Driver/Inc/stm32f0xx_ll_dma.h:914:22:LL_DMA_SetMemorySize	24	static
../Drivers/STM32F0xx_HAL_Driver/Inc/stm32f0xx_ll_dma.h:962:22:LL_DMA_SetChannelPriorityLevel	24	static
../Drivers/STM32F0xx_HAL_Driver/Inc/stm32f0xx_ll_rcc.h:748:22:LL_RCC_HSI_Enable	8	static
../Drivers/STM32F0xx_HAL_Driver/Inc/stm32f0xx_ll_rcc.h:768:26:LL_RCC_HSI_IsReady	8	static
../Drivers/STM32F0xx_HAL_Driver/Inc/stm32f0xx_ll_rcc.h:794:22:LL_RCC_HSI_SetCalibTrimming	16	static
../Drivers/STM32F0xx_HAL_Driver/Inc/stm32f0xx_ll_rcc.h:873:22:LL_RCC_HSI14_Enable	8	static
../Drivers/STM32F0xx_HAL_Driver/Inc/stm32f0xx_ll_rcc.h:893:26:LL_RCC_HSI14_IsReady	8	static
../Drivers/STM32F0xx_HAL_Driver/Inc/stm32f0xx_ll_rcc.h:903:22:LL_RCC_HSI14_EnableADCControl	8	static
../Drivers/STM32F0xx_HAL_Driver/Inc/stm32f0xx_ll_rcc.h:927:22:LL_RCC_HSI14_SetCalibTrimming	16	static
../Drivers/STM32F0xx_HAL_Driver/Inc/stm32f0xx_ll_rcc.h:1100:22:LL_RCC_SetSysClkSource	16	static
../Drivers/STM32F0xx_HAL_Driver/Inc/stm32f0xx_ll_rcc.h:1116:26:LL_RCC_GetSysClkSource	8	static
../Drivers/STM32F0xx_HAL_Driver/Inc/stm32f0xx_ll_rcc.h:1136:22:LL_RCC_SetAHBPrescaler	16	static
../Drivers/STM32F0xx_HAL_Driver/Inc/stm32f0xx_ll_rcc.h:1152:22:LL_RCC_SetAPB1Prescaler	16	static
../Drivers/STM32F0xx_HAL_Driver/Inc/stm32f0xx_ll_rcc.h:1273:22:LL_RCC_SetUSARTClockSource	16	static
../Drivers/STM32F0xx_HAL_Driver/Inc/stm32f0xx_ll_rcc.h:1507:22:LL_RCC_PLL_Enable	8	static
../Drivers/STM32F0xx_HAL_Driver/Inc/stm32f0xx_ll_rcc.h:1528:26:LL_RCC_PLL_IsReady	8	static
../Drivers/STM32F0xx_HAL_Driver/Inc/stm32f0xx_ll_rcc.h:1629:22:LL_RCC_PLL_ConfigDomain_SYS	16	static
../Drivers/STM32F0xx_HAL_Driver/Inc/stm32f0xx_ll_bus.h:227:22:LL_AHB1_GRP1_EnableClock	24	static
../Drivers/STM32F0xx_HAL_Driver/Inc/stm32f0xx_ll_bus.h:415:22:LL_APB1_GRP1_EnableClock	24	static
../Drivers/STM32F0xx_HAL_Driver/Inc/stm32f0xx_ll_bus.h:665:22:LL_APB1_GRP2_EnableClock	24	static
../Drivers/STM32F0xx_HAL_Driver/Inc/stm32f0xx_ll_system.h:1779:22:LL_FLASH_SetLatency	16	static
../Drivers/STM32F0xx_HAL_Driver/Inc/stm32f0xx_ll_system.h:1791:26:LL_FLASH_GetLatency	8	static
../Drivers/STM32F0xx_HAL_Driver/Inc/stm32f0xx_ll_tim.h:1262:22:LL_TIM_EnableARRPreload	16	static
../Drivers/STM32F0xx_HAL_Driver/Inc/stm32f0xx_ll_tim.h:2649:22:LL_TIM_SetClockSource	16	static
../Drivers/STM32F0xx_HAL_Driver/Inc/stm32f0xx_ll_tim.h:2695:22:LL_TIM_SetTriggerOutput	16	static
../Drivers/STM32F0xx_HAL_Driver/Inc/stm32f0xx_ll_tim.h:2761:22:LL_TIM_DisableMasterSlaveMode	16	static
../Drivers/STM32F0xx_HAL_Driver/Inc/stm32f0xx_ll_usart.h:570:22:LL_USART_Enable	16	static
../Drivers/STM32F0xx_HAL_Driver/Inc/stm32f0xx_ll_usart.h:2315:22:LL_USART_ConfigAsyncMode	16	static
../Drivers/STM32F0xx_HAL_Driver/Inc/stm32f0xx_ll_usart.h:3370:22:LL_USART_DisableIT_CTS	32	static,ignoring_inline_asm
../Drivers/STM32F0xx_HAL_Driver/Inc/stm32f0xx_ll_gpio.h:868:22:LL_GPIO_ResetOutputPin	16	static
../Core/Src/main.c:67:5:main	8	static
../Core/Src/main.c:117:6:SystemClock_Config	8	static
../Core/Src/main.c:167:13:MX_ADC_Init	80	static
../Core/Src/main.c:248:13:MX_TIM1_Init	32	static
../Core/Src/main.c:288:13:MX_USART1_UART_Init	72	static
../Core/Src/main.c:346:13:MX_DMA_Init	8	static
../Core/Src/main.c:365:13:MX_GPIO_Init	32	static
../Core/Src/main.c:455:6:Error_Handler	8	static,ignoring_inline_asm
