../Drivers/STM32F0xx_HAL_Driver/Inc/stm32f0xx_ll_tim.h:3103:22:LL_TIM_ClearFlag_UPDATE	16	static
../Core/Src/stm32f0xx_it.c:70:6:NMI_Handler	8	static
../Core/Src/stm32f0xx_it.c:85:6:HardFault_Handler	8	static
../Core/Src/stm32f0xx_it.c:100:6:SVC_Handler	8	static
../Core/Src/stm32f0xx_it.c:113:6:PendSV_Handler	8	static
../Core/Src/stm32f0xx_it.c:126:6:SysTick_Handler	8	static
../Core/Src/stm32f0xx_it.c:147:6:DMA1_Channel1_IRQHandler	8	static
../Core/Src/stm32f0xx_it.c:161:6:TIM1_BRK_UP_TRG_COM_IRQHandler	8	static
